CRnum Typ Area Compo ReptDate S P Short_Description
12552 def doc  aud   10/07/94 A 1 Audit events not documented.
12299 def doc  aud   09/22/94 B 1 Many incorrect status codes in audit ma
12210 enh doc  aud   09/15/94 B 1 document audit-admin group
10234 enh doc  aud   03/28/94 C 3 New documentation for the DCE Audit Ser
