CRnum Typ Area Compo ReptDate S P Short_Description
11065 def doc  cfg   06/23/94 B 2 dce_shutdown replaces dce.clean
10251 def doc  cfg   03/30/94 B 2 dce_config output has changed
10141 def doc  cfg   03/15/94 C 3 Add 'audit' info to dce_config manpage
9681  def doc  cfg   01/04/94 B 1 more steps required for machine ip addr
8441  enh doc  cfg   08/12/93 B 1 Add new svc ref pages
8204  enh doc  cfg   06/28/93 C 2 DCE pathnames should be explained in Re
6385  enh doc  cfg   12/08/92 C 2 new DCE glossary terms
5923  enh doc  cfg   11/04/92 C 2 division between admin and user guide i
