CRnum Typ Area Compo ReptDate S P Short_Description
12658 def code thr   10/18/94 B 1 update page with changes
9983  def doc  thr   02/21/94 C 3 Text on pthread_join() manpage a little
9888  def doc  thr   02/04/94 B 2 pthread_create manpage has duplicate .T
9772  def doc  thr   01/19/94 C 3 Errors in app_ref manual
9624  def doc  thr   12/16/93 C 2 man page problem for pthread_mutexattr_
9247  enh doc  thr   10/22/93 C 2 Race condition in  cma__wait and cma__t
