CRnum Typ Area Compo ReptDate S P Short_Description
13187 enh doc  dfs   11/02/95 B 2 NFS gateway updates
13106 enh doc  dfs   09/08/95 B 2 Add new backup functionality
12637 def doc  dfs   10/17/94 B 2 Describe delegation interaction with DC
10283 enh doc  dfs   04/04/94 B 2 Move DFS programming doc to supp_docs/r
2757  enh doc  dfs   04/14/92 C 3 osi layer needs better documentation
