CRnum Typ Area Compo ReptDate S P Short_Description
12419 def doc  gds   09/29/94 A 1 Cells & GDS FVTs
10340 def doc  gds   04/13/94 B 1 errors in GDS and CDS doc
10256 def doc  gds   03/31/94 C 3 gdssysadm & authentication method
10236 def doc  gds   03/29/94 C 3 New field in GDS configuration screen
10235 def doc  gds   03/29/94 C 3 Changes for selecting authentication me
9874  enh doc  gds   02/02/94 A 1 Revise Administration Guide and Referen
9872  enh doc  gds   02/02/94 A 1 revising Application Development Guide 
9476  enh doc  gds   11/10/93 D 3 xds header manpages contain header file
