CRnum Typ Area Compo ReptDate S P Short_Description
13578 def doc  cds   07/25/96 B 2 Add dcecp commands for CDS
13577 def doc  cds   07/25/96 B 2 Remove references to cdscp
13576 def doc  cds   07/25/96 B 2 Changing prime cellname not allowed
13452 def doc  cds   04/25/96 B 2 incorrect required permissions for prog
13451 def doc  cds   04/25/96 B 2 cdsalias connect appears twice in table
13450 def doc  cds   04/25/96 B 2 CDS_CHLastAddress should say CDS_Towers
12900 def doc  cds   06/01/95 C 2 man page for cdsd omits -v option
6384  enh doc  cds   12/08/92 C 2 new glossary directory terms
